ask:
2@102.00
1@120.00 2@120.00
bid:
5@101.00
2@100.00
